Archive member included to satisfy reference by file (symbol)

/Applications/STM32CubeIDE.app/Contents/Eclipse/plugins/com.st.stm32cube.ide.mcu.externaltools.gnu-tools-for-stm32.14.3.rel1.macos64_1.0.100.202602081740/tools/bin/../lib/gcc/arm-none-eabi/14.3.1/../../../../arm-none-eabi/lib/thumb/v6-m/nofp/libc_nano.a(libc_a-exit.o)
                              /Applications/STM32CubeIDE.app/Contents/Eclipse/plugins/com.st.stm32cube.ide.mcu.externaltools.gnu-tools-for-stm32.14.3.rel1.macos64_1.0.100.202602081740/tools/bin/../lib/gcc/arm-none-eabi/14.3.1/../../../../arm-none-eabi/lib/thumb/v6-m/nofp/crt0.o (exit)
/Applications/STM32CubeIDE.app/Contents/Eclipse/plugins/com.st.stm32cube.ide.mcu.externaltools.gnu-tools-for-stm32.14.3.rel1.macos64_1.0.100.202602081740/tools/bin/../lib/gcc/arm-none-eabi/14.3.1/../../../../arm-none-eabi/lib/thumb/v6-m/nofp/libc_nano.a(libc_a-findfp.o)
                              /Applications/STM32CubeIDE.app/Contents/Eclipse/plugins/com.st.stm32cube.ide.mcu.externaltools.gnu-tools-for-stm32.14.3.rel1.macos64_1.0.100.202602081740/tools/bin/../lib/gcc/arm-none-eabi/14.3.1/../../../../arm-none-eabi/lib/thumb/v6-m/nofp/libc_nano.a(libc_a-exit.o) (__stdio_exit_handler)
/Applications/STM32CubeIDE.app/Contents/Eclipse/plugins/com.st.stm32cube.ide.mcu.externaltools.gnu-tools-for-stm32.14.3.rel1.macos64_1.0.100.202602081740/tools/bin/../lib/gcc/arm-none-eabi/14.3.1/../../../../arm-none-eabi/lib/thumb/v6-m/nofp/libc_nano.a(libc_a-fwalk.o)
                              /Applications/STM32CubeIDE.app/Contents/Eclipse/plugins/com.st.stm32cube.ide.mcu.externaltools.gnu-tools-for-stm32.14.3.rel1.macos64_1.0.100.202602081740/tools/bin/../lib/gcc/arm-none-eabi/14.3.1/../../../../arm-none-eabi/lib/thumb/v6-m/nofp/libc_nano.a(libc_a-findfp.o) (_fwalk_sglue)
/Applications/STM32CubeIDE.app/Contents/Eclipse/plugins/com.st.stm32cube.ide.mcu.externaltools.gnu-tools-for-stm32.14.3.rel1.macos64_1.0.100.202602081740/tools/bin/../lib/gcc/arm-none-eabi/14.3.1/../../../../arm-none-eabi/lib/thumb/v6-m/nofp/libc_nano.a(libc_a-memset.o)
                              /Applications/STM32CubeIDE.app/Contents/Eclipse/plugins/com.st.stm32cube.ide.mcu.externaltools.gnu-tools-for-stm32.14.3.rel1.macos64_1.0.100.202602081740/tools/bin/../lib/gcc/arm-none-eabi/14.3.1/../../../../arm-none-eabi/lib/thumb/v6-m/nofp/crt0.o (memset)
/Applications/STM32CubeIDE.app/Contents/Eclipse/plugins/com.st.stm32cube.ide.mcu.externaltools.gnu-tools-for-stm32.14.3.rel1.macos64_1.0.100.202602081740/tools/bin/../lib/gcc/arm-none-eabi/14.3.1/../../../../arm-none-eabi/lib/thumb/v6-m/nofp/libc_nano.a(libc_a-errno.o)
                              ./Src/syscalls.o (__errno)
/Applications/STM32CubeIDE.app/Contents/Eclipse/plugins/com.st.stm32cube.ide.mcu.externaltools.gnu-tools-for-stm32.14.3.rel1.macos64_1.0.100.202602081740/tools/bin/../lib/gcc/arm-none-eabi/14.3.1/../../../../arm-none-eabi/lib/thumb/v6-m/nofp/libc_nano.a(libc_a-init.o)
                              /Applications/STM32CubeIDE.app/Contents/Eclipse/plugins/com.st.stm32cube.ide.mcu.externaltools.gnu-tools-for-stm32.14.3.rel1.macos64_1.0.100.202602081740/tools/bin/../lib/gcc/arm-none-eabi/14.3.1/../../../../arm-none-eabi/lib/thumb/v6-m/nofp/crt0.o (__libc_init_array)
/Applications/STM32CubeIDE.app/Contents/Eclipse/plugins/com.st.stm32cube.ide.mcu.externaltools.gnu-tools-for-stm32.14.3.rel1.macos64_1.0.100.202602081740/tools/bin/../lib/gcc/arm-none-eabi/14.3.1/../../../../arm-none-eabi/lib/thumb/v6-m/nofp/libc_nano.a(libc_a-lock.o)
                              /Applications/STM32CubeIDE.app/Contents/Eclipse/plugins/com.st.stm32cube.ide.mcu.externaltools.gnu-tools-for-stm32.14.3.rel1.macos64_1.0.100.202602081740/tools/bin/../lib/gcc/arm-none-eabi/14.3.1/../../../../arm-none-eabi/lib/thumb/v6-m/nofp/libc_nano.a(libc_a-findfp.o) (__retarget_lock_init_recursive)
/Applications/STM32CubeIDE.app/Contents/Eclipse/plugins/com.st.stm32cube.ide.mcu.externaltools.gnu-tools-for-stm32.14.3.rel1.macos64_1.0.100.202602081740/tools/bin/../lib/gcc/arm-none-eabi/14.3.1/../../../../arm-none-eabi/lib/thumb/v6-m/nofp/libc_nano.a(libc_a-impure.o)
                              /Applications/STM32CubeIDE.app/Contents/Eclipse/plugins/com.st.stm32cube.ide.mcu.externaltools.gnu-tools-for-stm32.14.3.rel1.macos64_1.0.100.202602081740/tools/bin/../lib/gcc/arm-none-eabi/14.3.1/../../../../arm-none-eabi/lib/thumb/v6-m/nofp/libc_nano.a(libc_a-errno.o) (_impure_ptr)
/Applications/STM32CubeIDE.app/Contents/Eclipse/plugins/com.st.stm32cube.ide.mcu.externaltools.gnu-tools-for-stm32.14.3.rel1.macos64_1.0.100.202602081740/tools/bin/../lib/gcc/arm-none-eabi/14.3.1/../../../../arm-none-eabi/lib/thumb/v6-m/nofp/libc_nano.a(libc_a-mallocr.o)
[...]
Memory Configuration

Name             Origin             Length             Attributes
RAM              0x20000000         0x00003000         xrw
FLASH            0x08000000         0x00008000         xr
*default*        0x00000000         0xffffffff

Linker script and memory map

LOAD /Applications/STM32CubeIDE.app/Contents/Eclipse/plugins/com.st.stm32cube.ide.mcu.externaltools.gnu-tools-for-stm32.14.3.rel1.macos64_1.0.100.202602081740/tools/bin/../lib/gcc/arm-none-eabi/14.3.1/thumb/v6-m/nofp/crti.o
LOAD /Applications/STM32CubeIDE.app/Contents/Eclipse/plugins/com.st.stm32cube.ide.mcu.externaltools.gnu-tools-for-stm32.14.3.rel1.macos64_1.0.100.202602081740/tools/bin/../lib/gcc/arm-none-eabi/14.3.1/thumb/v6-m/nofp/crtbegin.o
LOAD /Applications/STM32CubeIDE.app/Contents/Eclipse/plugins/com.st.stm32cube.ide.mcu.externaltools.gnu-tools-for-stm32.14.3.rel1.macos64_1.0.100.202602081740/tools/bin/../lib/gcc/arm-none-eabi/14.3.1/../../../../arm-none-eabi/lib/thumb/v6-m/nofp/crt0.o
LOAD ./Src/clock.o
LOAD ./Src/context_switch.o
LOAD ./Src/main.o
LOAD ./Src/rtos.o
LOAD ./Src/scheduler.o
LOAD ./Src/semaphore.o
LOAD ./Src/syscalls.o
LOAD ./Src/sysmem.o
LOAD ./Startup/startup_stm32c031c6tx.o
START GROUP
LOAD /Applications/STM32CubeIDE.app/Contents/Eclipse/plugins/com.st.stm32cube.ide.mcu.externaltools.gnu-tools-for-stm32.14.3.rel1.macos64_1.0.100.202602081740/tools/bin/../lib/gcc/arm-none-eabi/14.3.1/../../../../arm-none-eabi/lib/thumb/v6-m/nofp/libc_nano.a
LOAD /Applications/STM32CubeIDE.app/Contents/Eclipse/plugins/com.st.stm32cube.ide.mcu.externaltools.gnu-tools-for-stm32.14.3.rel1.macos64_1.0.100.202602081740/tools/bin/../lib/gcc/arm-none-eabi/14.3.1/../../../../arm-none-eabi/lib/thumb/v6-m/nofp/libm.a
END GROUP
START GROUP
LOAD /Applications/STM32CubeIDE.app/Contents/Eclipse/plugins/com.st.stm32cube.ide.mcu.externaltools.gnu-tools-for-stm32.14.3.rel1.macos64_1.0.100.202602081740/tools/bin/../lib/gcc/arm-none-eabi/14.3.1/thumb/v6-m/nofp/libgcc.a
LOAD /Applications/STM32CubeIDE.app/Contents/Eclipse/plugins/com.st.stm32cube.ide.mcu.externaltools.gnu-tools-for-stm32.14.3.rel1.macos64_1.0.100.202602081740/tools/bin/../lib/gcc/arm-none-eabi/14.3.1/../../../../arm-none-eabi/lib/thumb/v6-m/nofp/libc_nano.a
END GROUP
START GROUP
LOAD /Applications/STM32CubeIDE.app/Contents/Eclipse/plugins/com.st.stm32cube.ide.mcu.externaltools.gnu-tools-for-stm32.14.3.rel1.macos64_1.0.100.202602081740/tools/bin/../lib/gcc/arm-none-eabi/14.3.1/thumb/v6-m/nofp/libgcc.a
LOAD /Applications/STM32CubeIDE.app/Contents/Eclipse/plugins/com.st.stm32cube.ide.mcu.externaltools.gnu-tools-for-stm32.14.3.rel1.macos64_1.0.100.202602081740/tools/bin/../lib/gcc/arm-none-eabi/14.3.1/../../../../arm-none-eabi/lib/thumb/v6-m/nofp/libc_nano.a
LOAD /Applications/STM32CubeIDE.app/Contents/Eclipse/plugins/com.st.stm32cube.ide.mcu.externaltools.gnu-tools-for-stm32.14.3.rel1.macos64_1.0.100.202602081740/tools/bin/../lib/gcc/arm-none-eabi/14.3.1/../../../../arm-none-eabi/lib/thumb/v6-m/nofp/libnosys.a
END GROUP
START GROUP
LOAD /Applications/STM32CubeIDE.app/Contents/Eclipse/plugins/com.st.stm32cube.ide.mcu.externaltools.gnu-tools-for-stm32.14.3.rel1.macos64_1.0.100.202602081740/tools/bin/../lib/gcc/arm-none-eabi/14.3.1/thumb/v6-m/nofp/libgcc.a
LOAD /Applications/STM32CubeIDE.app/Contents/Eclipse/plugins/com.st.stm32cube.ide.mcu.externaltools.gnu-tools-for-stm32.14.3.rel1.macos64_1.0.100.202602081740/tools/bin/../lib/gcc/arm-none-eabi/14.3.1/../../../../arm-none-eabi/lib/thumb/v6-m/nofp/libc_nano.a
LOAD /Applications/STM32CubeIDE.app/Contents/Eclipse/plugins/com.st.stm32cube.ide.mcu.externaltools.gnu-tools-for-stm32.14.3.rel1.macos64_1.0.100.202602081740/tools/bin/../lib/gcc/arm-none-eabi/14.3.1/../../../../arm-none-eabi/lib/thumb/v6-m/nofp/libnosys.a
END GROUP
LOAD /Applications/STM32CubeIDE.app/Contents/Eclipse/plugins/com.st.stm32cube.ide.mcu.externaltools.gnu-tools-for-stm32.14.3.rel1.macos64_1.0.100.202602081740/tools/bin/../lib/gcc/arm-none-eabi/14.3.1/thumb/v6-m/nofp/crtend.o
LOAD /Applications/STM32CubeIDE.app/Contents/Eclipse/plugins/com.st.stm32cube.ide.mcu.externaltools.gnu-tools-for-stm32.14.3.rel1.macos64_1.0.100.202602081740/tools/bin/../lib/gcc/arm-none-eabi/14.3.1/thumb/v6-m/nofp/crtn.o
                0x20003000                        _estack = (ORIGIN (RAM) + LENGTH (RAM))
                0x00000200                        _Min_Heap_Size = 0x200
                0x00000400                        _Min_Stack_Size = 0x400

.isr_vector     0x08000000       0xb4
                0x08000000                        . = ALIGN (0x4)
 *(.isr_vector)
 .isr_vector    0x08000000       0xb4 ./Startup/startup_stm32c031c6tx.o
                0x08000000                g_pfnVectors
                0x080000b4                        . = ALIGN (0x4)

.text           0x080000b4      0xd00
                0x080000b4                        . = ALIGN (0x4)
 *(.text)
 .text          0x080000b4       0x48 /Applications/STM32CubeIDE.app/Contents/Eclipse/plugins/com.st.stm32cube.ide.mcu.externaltools.gnu-tools-for-stm32.14.3.rel1.macos64_1.0.100.202602081740/tools/bin/../lib/gcc/arm-none-eabi/14.3.1/thumb/v6-m/nofp/crtbegin.o
 .text          0x080000fc      0x114 /Applications/STM32CubeIDE.app/Contents/Eclipse/plugins/com.st.stm32cube.ide.mcu.externaltools.gnu-tools-for-stm32.14.3.rel1.macos64_1.0.100.202602081740/tools/bin/../lib/gcc/arm-none-eabi/14.3.1/thumb/v6-m/nofp/libgcc.a(_udivsi3.o)
                0x080000fc                __udivsi3
                0x080000fc                __aeabi_uidiv
                0x08000208                __aeabi_uidivmod
 .text          0x08000210      0x1d4 /Applications/STM32CubeIDE.app/Contents/Eclipse/plugins/com.st.stm32cube.ide.mcu.externaltools.gnu-tools-for-stm32.14.3.rel1.macos64_1.0.100.202602081740/tools/bin/../lib/gcc/arm-none-eabi/14.3.1/thumb/v6-m/nofp/libgcc.a(_divsi3.o)
                0x08000210                __aeabi_idiv
                0x08000210                __divsi3
                0x080003dc                __aeabi_idivmod
 .text          0x080003e4        0x4 /Applications/STM32CubeIDE.app/Contents/Eclipse/plugins/com.st.stm32cube.ide.mcu.externaltools.gnu-tools-for-stm32.14.3.rel1.macos64_1.0.100.202602081740/tools/bin/../lib/gcc/arm-none-eabi/14.3.1/thumb/v6-m/nofp/libgcc.a(_dvmd_tls.o)
                0x080003e4                __aeabi_ldiv0
                0x080003e4                __aeabi_idiv0
 *(.text*)
 .text.SystemClock_Config
                0x080003e8       0x8c ./Src/clock.o
                0x080003e8                SystemClock_Config
 .text.GPIO_Init
                0x08000474       0x84 ./Src/clock.o
                0x08000474                GPIO_Init
 .text.PendSV_Handler
                0x080004f8       0x5c ./Src/context_switch.o
                0x080004f8                PendSV_Handler
 .text._rtos_start
                0x08000554       0x2c ./Src/context_switch.o
                0x08000554                _rtos_start
 .text.SysTick_Init
                0x08000580       0x44 ./Src/main.o
 .text.task_led
                0x080005c4       0x48 ./Src/main.o
 .text.task_counter
                0x0800060c       0x1c ./Src/main.o
 .text.task_consumer
                0x08000628       0x24 ./Src/main.o
 .text.task_idle
                0x0800064c        0x8 ./Src/main.o
 .text.main     0x08000654       0xa0 ./Src/main.o
                0x08000654                main
 .text.trigger_pendsv
                0x080006f4       0x20 ./Src/rtos.o
 .text.SysTick_Handler
                0x08000714       0xac ./Src/rtos.o
                0x08000714                SysTick_Handler
 .text.osStart  0x080007c0       0x48 ./Src/rtos.o
                0x080007c0                osStart
 .text.os_task_exit
                0x08000808        0xa ./Src/rtos.o
 *fill*         0x08000812        0x2 
 .text.os_task_stack_init
                0x08000814      0x110 ./Src/rtos.o
 .text.osTaskCreate
                0x08000924       0xb0 ./Src/rtos.o
                0x08000924                osTaskCreate
 .text.osDelay  0x080009d4       0x40 ./Src/rtos.o
                0x080009d4                osDelay
 .text.os_schedule
                0x08000a14      0x170 ./Src/scheduler.o
                0x08000a14                os_schedule
 .text.trigger_pendsv
                0x08000b84       0x20 ./Src/semaphore.o
 .text.osSemaphoreInit
                0x08000ba4       0x52 ./Src/semaphore.o
                0x08000ba4                osSemaphoreInit
 *fill*         0x08000bf6        0x2 
 .text.osSemaphoreWait
                0x08000bf8       0x60 ./Src/semaphore.o
                0x08000bf8                osSemaphoreWait
 .text.osSemaphoreSignal
                0x08000c58       0xa6 ./Src/semaphore.o
                0x08000c58                osSemaphoreSignal
 *fill*         0x08000cfe        0x2 
 .text.Reset_Handler
                0x08000d00       0x50 ./Startup/startup_stm32c031c6tx.o
                0x08000d00                Reset_Handler
 .text.Default_Handler
                0x08000d50        0x2 ./Startup/startup_stm32c031c6tx.o
                0x08000d50                TIM1_BRK_UP_TRG_COM_IRQHandler
                0x08000d50                HardFault_Handler
                0x08000d50                NMI_Handler
                0x08000d50                EXTI2_3_IRQHandler
                0x08000d50                TIM17_IRQHandler
                0x08000d50                RTC_IRQHandler
                0x08000d50                SPI_IRQHandler
                0x08000d50                DMAMUX_DMA1_Channel4_5_IRQHandler
                0x08000d50                TIM16_IRQHandler
                0x08000d50                TIM3_IRQHandler
                0x08000d50                EXTI4_15_IRQHandler
                0x08000d50                RCC_IRQHandler
                0x08000d50                DMA1_Channel1_IRQHandler
                0x08000d50                Default_Handler
                0x08000d50                TIM14_IRQHandler
                0x08000d50                ADC_IRQHandler
                0x08000d50                EXTI0_1_IRQHandler
                0x08000d50                I2C_IRQHandler
                0x08000d50                SVC_Handler
                0x08000d50                PVM_IRQHandler
                0x08000d50                WWDG_IRQHandler
                0x08000d50                DMA1_Channel2_3_IRQHandler
                0x08000d50                USART2_IRQHandler
                0x08000d50                FLASH_IRQHandler
                0x08000d50                USART1_IRQHandler
                0x08000d50                TIM1_CC_IRQHandler
 *fill*         0x08000d52        0x2 
 .text.__libc_init_array
                0x08000d54       0x48 /Applications/STM32CubeIDE.app/Contents/Eclipse/plugins/com.st.stm32cube.ide.mcu.externaltools.gnu-tools-for-stm32.14.3.rel1.macos64_1.0.100.202602081740/tools/bin/../lib/gcc/arm-none-eabi/14.3.1/../../../../arm-none-eabi/lib/thumb/v6-m/nofp/libc_nano.a(libc_a-init.o)
                0x08000d54                __libc_init_array
 *(.glue_7)
 .glue_7        0x08000d9c        0x0 linker stubs
 *(.glue_7t)
 .glue_7t       0x08000d9c        0x0 linker stubs
 *(.eh_frame)
 .eh_frame      0x08000d9c        0x0 /Applications/STM32CubeIDE.app/Contents/Eclipse/plugins/com.st.stm32cube.ide.mcu.externaltools.gnu-tools-for-stm32.14.3.rel1.macos64_1.0.100.202602081740/tools/bin/../lib/gcc/arm-none-eabi/14.3.1/thumb/v6-m/nofp/crtbegin.o
 *(.init)
 .init          0x08000d9c        0x4 /Applications/STM32CubeIDE.app/Contents/Eclipse/plugins/com.st.stm32cube.ide.mcu.externaltools.gnu-tools-for-stm32.14.3.rel1.macos64_1.0.100.202602081740/tools/bin/../lib/gcc/arm-none-eabi/14.3.1/thumb/v6-m/nofp/crti.o
                0x08000d9c                _init
 .init          0x08000da0        0x8 /Applications/STM32CubeIDE.app/Contents/Eclipse/plugins/com.st.stm32cube.ide.mcu.externaltools.gnu-tools-for-stm32.14.3.rel1.macos64_1.0.100.202602081740/tools/bin/../lib/gcc/arm-none-eabi/14.3.1/thumb/v6-m/nofp/crtn.o
 *(.fini)
 .fini          0x08000da8        0x4 /Applications/STM32CubeIDE.app/Contents/Eclipse/plugins/com.st.stm32cube.ide.mcu.externaltools.gnu-tools-for-stm32.14.3.rel1.macos64_1.0.100.202602081740/tools/bin/../lib/gcc/arm-none-eabi/14.3.1/thumb/v6-m/nofp/crti.o
                0x08000da8                _fini
 .fini          0x08000dac        0x8 /Applications/STM32CubeIDE.app/Contents/Eclipse/plugins/com.st.stm32cube.ide.mcu.externaltools.gnu-tools-for-stm32.14.3.rel1.macos64_1.0.100.202602081740/tools/bin/../lib/gcc/arm-none-eabi/14.3.1/thumb/v6-m/nofp/crtn.o
                0x08000db4                        . = ALIGN (0x4)
                0x08000db4                        _etext = .

.vfp11_veneer   0x08000db4        0x0
 .vfp11_veneer  0x08000db4        0x0 linker stubs

.v4_bx          0x08000db4        0x0
 .v4_bx         0x08000db4        0x0 linker stubs

.iplt           0x08000db4        0x0
 .iplt          0x08000db4        0x0 /Applications/STM32CubeIDE.app/Contents/Eclipse/plugins/com.st.stm32cube.ide.mcu.externaltools.gnu-tools-for-stm32.14.3.rel1.macos64_1.0.100.202602081740/tools/bin/../lib/gcc/arm-none-eabi/14.3.1/thumb/v6-m/nofp/crtbegin.o

.rodata         0x08000db4       0x20
                0x08000db4                        . = ALIGN (0x4)
 *(.rodata)
 .rodata        0x08000db4       0x1d ./Src/main.o
 *(.rodata*)
                0x08000dd4                        . = ALIGN (0x4)
 *fill*         0x08000dd1        0x3 

.ARM.extab      0x08000dd4        0x0
                0x08000dd4                        . = ALIGN (0x4)
 *(.ARM.extab* .gnu.linkonce.armextab.*)
                0x08000dd4                        . = ALIGN (0x4)

.ARM            0x08000dd4        0x0
                0x08000dd4                        . = ALIGN (0x4)
                0x08000dd4                        __exidx_start = .
 *(.ARM.exidx*)
                0x08000dd4                        __exidx_end = .
                0x08000dd4                        . = ALIGN (0x4)

.preinit_array  0x08000dd4        0x0
                0x08000dd4                        . = ALIGN (0x4)
                0x08000dd4                        PROVIDE (__preinit_array_start = .)
 *(.preinit_array*)
                0x08000dd4                        PROVIDE (__preinit_array_end = .)
                0x08000dd4                        . = ALIGN (0x4)

.init_array     0x08000dd4        0x4
                0x08000dd4                        . = ALIGN (0x4)
                0x08000dd4                        PROVIDE (__init_array_start = .)
 *(SORT_BY_NAME(.init_array.*))
 *(.init_array*)
 .init_array    0x08000dd4        0x4 /Applications/STM32CubeIDE.app/Contents/Eclipse/plugins/com.st.stm32cube.ide.mcu.externaltools.gnu-tools-for-stm32.14.3.rel1.macos64_1.0.100.202602081740/tools/bin/../lib/gcc/arm-none-eabi/14.3.1/thumb/v6-m/nofp/crtbegin.o
                0x08000dd8                        PROVIDE (__init_array_end = .)
                0x08000dd8                        . = ALIGN (0x4)

.fini_array     0x08000dd8        0x4
                0x08000dd8                        . = ALIGN (0x4)
                [!provide]                        PROVIDE (__fini_array_start = .)
 *(SORT_BY_NAME(.fini_array.*))
 *(.fini_array*)
 .fini_array    0x08000dd8        0x4 /Applications/STM32CubeIDE.app/Contents/Eclipse/plugins/com.st.stm32cube.ide.mcu.externaltools.gnu-tools-for-stm32.14.3.rel1.macos64_1.0.100.202602081740/tools/bin/../lib/gcc/arm-none-eabi/14.3.1/thumb/v6-m/nofp/crtbegin.o
                [!provide]                        PROVIDE (__fini_array_end = .)
                0x08000ddc                        . = ALIGN (0x4)
                0x08000ddc                        _sidata = LOADADDR (.data)

.rel.dyn        0x08000ddc        0x0
 .rel.iplt      0x08000ddc        0x0 /Applications/STM32CubeIDE.app/Contents/Eclipse/plugins/com.st.stm32cube.ide.mcu.externaltools.gnu-tools-for-stm32.14.3.rel1.macos64_1.0.100.202602081740/tools/bin/../lib/gcc/arm-none-eabi/14.3.1/thumb/v6-m/nofp/crtbegin.o

.data           0x20000000        0x4 load address 0x08000ddc
                0x20000000                        . = ALIGN (0x4)
                0x20000000                        _sdata = .
 *(.data)
 *(.data*)
 .data.SystemCoreClock
                0x20000000        0x4 ./Src/clock.o
                0x20000000                SystemCoreClock
 *(.RamFunc)
 *(.RamFunc*)
                0x20000004                        . = ALIGN (0x4)
                0x20000004                        _edata = .

.igot.plt       0x20000004        0x0 load address 0x08000de0
 .igot.plt      0x20000004        0x0 /Applications/STM32CubeIDE.app/Contents/Eclipse/plugins/com.st.stm32cube.ide.mcu.externaltools.gnu-tools-for-stm32.14.3.rel1.macos64_1.0.100.202602081740/tools/bin/../lib/gcc/arm-none-eabi/14.3.1/thumb/v6-m/nofp/crtbegin.o
                0x20000004                        . = ALIGN (0x4)

.bss            0x20000008      0x524 load address 0x08000de0
                0x20000008                        _sbss = .
                0x20000008                        __bss_start__ = _sbss
 *(.bss)
 .bss           0x20000008       0x1c /Applications/STM32CubeIDE.app/Contents/Eclipse/plugins/com.st.stm32cube.ide.mcu.externaltools.gnu-tools-for-stm32.14.3.rel1.macos64_1.0.100.202602081740/tools/bin/../lib/gcc/arm-none-eabi/14.3.1/thumb/v6-m/nofp/crtbegin.o
 *(.bss*)
 .bss.sem_blink
                0x20000024       0x28 ./Src/main.o
 .bss.sem_signal_count
                0x2000004c        0x4 ./Src/main.o
                0x2000004c                sem_signal_count
 .bss.sem_consume_count
                0x20000050        0x4 ./Src/main.o
                0x20000050                sem_consume_count
 .bss.task_led_stack
                0x20000054      0x100 ./Src/main.o
 .bss.task_count_stack
                0x20000154      0x100 ./Src/main.o
 .bss.task_consumer_stack
                0x20000254      0x100 ./Src/main.o
 .bss.task_idle_stack
                0x20000354       0x80 ./Src/main.o
 .bss.task2_counter
                0x200003d4        0x4 ./Src/main.o
                0x200003d4                task2_counter
 .bss.task_pool
                0x200003d8      0x120 ./Src/rtos.o
                0x200003d8                task_pool
 .bss.current_task
                0x200004f8        0x4 ./Src/rtos.o
                0x200004f8                current_task
 .bss.task_count
                0x200004fc        0x1 ./Src/rtos.o
                0x200004fc                task_count
 *fill*         0x200004fd        0x3 
 .bss.sys_tick  0x20000500        0x4 ./Src/rtos.o
                0x20000500                sys_tick
 .bss.rtos_started
                0x20000504        0x1 ./Src/rtos.o
                0x20000504                rtos_started
 *fill*         0x20000505        0x3 
 .bss.os_dummy_stack
                0x20000508       0x20 ./Src/rtos.o
                0x20000508                os_dummy_stack
 .bss.current_task_index
                0x20000528        0x1 ./Src/scheduler.o
                0x20000528                current_task_index
 *(COMMON)
                0x2000052c                        . = ALIGN (0x4)
 *fill*         0x20000529        0x3 
                0x2000052c                        _ebss = .
                0x2000052c                        __bss_end__ = _ebss

._user_heap_stack
                0x2000052c      0x604 load address 0x08000de0
                0x20000530                        . = ALIGN (0x8)
 *fill*         0x2000052c        0x4 
                [!provide]                        PROVIDE (end = .)
                0x20000530                        PROVIDE (_end = .)
                0x20000730                        . = (. + _Min_Heap_Size)
 *fill*         0x20000530      0x200 
                0x20000b30                        . = (. + _Min_Stack_Size)
 *fill*         0x20000730      0x400 
                0x20000b30                        . = ALIGN (0x8)

/DISCARD/
 libc.a(*)
 libm.a(*)
 libgcc.a(*)

.ARM.attributes
                0x00000000       0x28
 *(.ARM.attributes)
 .ARM.attributes
                0x00000000       0x1e /Applications/STM32CubeIDE.app/Contents/Eclipse/plugins/com.st.stm32cube.ide.mcu.externaltools.gnu-tools-for-stm32.14.3.rel1.macos64_1.0.100.202602081740/tools/bin/../lib/gcc/arm-none-eabi/14.3.1/thumb/v6-m/nofp/crti.o
 .ARM.attributes
                0x0000001e       0x2c /Applications/STM32CubeIDE.app/Contents/Eclipse/plugins/com.st.stm32cube.ide.mcu.externaltools.gnu-tools-for-stm32.14.3.rel1.macos64_1.0.100.202602081740/tools/bin/../lib/gcc/arm-none-eabi/14.3.1/thumb/v6-m/nofp/crtbegin.o
 .ARM.attributes
                0x0000004a       0x2c ./Src/clock.o
 .ARM.attributes
                0x00000076       0x22 ./Src/context_switch.o
 .ARM.attributes
                0x00000098       0x2c ./Src/main.o
 .ARM.attributes
                0x000000c4       0x2c ./Src/rtos.o
 .ARM.attributes
                0x000000f0       0x2c ./Src/scheduler.o
 .ARM.attributes
                0x0000011c       0x2c ./Src/semaphore.o
 .ARM.attributes
                0x00000148       0x22 ./Startup/startup_stm32c031c6tx.o
 .ARM.attributes
                0x0000016a       0x2c /Applications/STM32CubeIDE.app/Contents/Eclipse/plugins/com.st.stm32cube.ide.mcu.externaltools.gnu-tools-for-stm32.14.3.rel1.macos64_1.0.100.202602081740/tools/bin/../lib/gcc/arm-none-eabi/14.3.1/../../../../arm-none-eabi/lib/thumb/v6-m/nofp/libc_nano.a(libc_a-init.o)
 .ARM.attributes
                0x00000196       0x1e /Applications/STM32CubeIDE.app/Contents/Eclipse/plugins/com.st.stm32cube.ide.mcu.externaltools.gnu-tools-for-stm32.14.3.rel1.macos64_1.0.100.202602081740/tools/bin/../lib/gcc/arm-none-eabi/14.3.1/thumb/v6-m/nofp/libgcc.a(_udivsi3.o)
 .ARM.attributes
                0x000001b4       0x1e /Applications/STM32CubeIDE.app/Contents/Eclipse/plugins/com.st.stm32cube.ide.mcu.externaltools.gnu-tools-for-stm32.14.3.rel1.macos64_1.0.100.202602081740/tools/bin/../lib/gcc/arm-none-eabi/14.3.1/thumb/v6-m/nofp/libgcc.a(_divsi3.o)
 .ARM.attributes
                0x000001d2       0x1e /Applications/STM32CubeIDE.app/Contents/Eclipse/plugins/com.st.stm32cube.ide.mcu.externaltools.gnu-tools-for-stm32.14.3.rel1.macos64_1.0.100.202602081740/tools/bin/../lib/gcc/arm-none-eabi/14.3.1/thumb/v6-m/nofp/libgcc.a(_dvmd_tls.o)
 .ARM.attributes
                0x000001f0       0x1e /Applications/STM32CubeIDE.app/Contents/Eclipse/plugins/com.st.stm32cube.ide.mcu.externaltools.gnu-tools-for-stm32.14.3.rel1.macos64_1.0.100.202602081740/tools/bin/../lib/gcc/arm-none-eabi/14.3.1/thumb/v6-m/nofp/crtn.o
OUTPUT(RTOS.elf elf32-littlearm)
LOAD linker stubs
LOAD /Applications/STM32CubeIDE.app/Contents/Eclipse/plugins/com.st.stm32cube.ide.mcu.externaltools.gnu-tools-for-stm32.14.3.rel1.macos64_1.0.100.202602081740/tools/bin/../lib/gcc/arm-none-eabi/14.3.1/../../../../arm-none-eabi/lib/thumb/v6-m/nofp/libc.a
LOAD /Applications/STM32CubeIDE.app/Contents/Eclipse/plugins/com.st.stm32cube.ide.mcu.externaltools.gnu-tools-for-stm32.14.3.rel1.macos64_1.0.100.202602081740/tools/bin/../lib/gcc/arm-none-eabi/14.3.1/../../../../arm-none-eabi/lib/thumb/v6-m/nofp/libm.a
LOAD /Applications/STM32CubeIDE.app/Contents/Eclipse/plugins/com.st.stm32cube.ide.mcu.externaltools.gnu-tools-for-stm32.14.3.rel1.macos64_1.0.100.202602081740/tools/bin/../lib/gcc/arm-none-eabi/14.3.1/thumb/v6-m/nofp/libgcc.a

.debug_info     0x00000000     0x1497
 .debug_info    0x00000000      0x322 ./Src/clock.o
 .debug_info    0x00000322       0x3b ./Src/context_switch.o
 .debug_info    0x0000035d      0x52f ./Src/main.o
 .debug_info    0x0000088c      0x584 ./Src/rtos.o
 .debug_info    0x00000e10      0x243 ./Src/scheduler.o
 .debug_info    0x00001053      0x414 ./Src/semaphore.o
 .debug_info    0x00001467       0x30 ./Startup/startup_stm32c031c6tx.o

.debug_abbrev   0x00000000      0x7fd
 .debug_abbrev  0x00000000      0x105 ./Src/clock.o
 .debug_abbrev  0x00000105       0x26 ./Src/context_switch.o
 .debug_abbrev  0x0000012b      0x193 ./Src/main.o
 .debug_abbrev  0x000002be      0x26f ./Src/rtos.o
 .debug_abbrev  0x0000052d      0x125 ./Src/scheduler.o
 .debug_abbrev  0x00000652      0x187 ./Src/semaphore.o
 .debug_abbrev  0x000007d9       0x24 ./Startup/startup_stm32c031c6tx.o

.debug_aranges  0x00000000      0x198
 .debug_aranges
                0x00000000       0x28 ./Src/clock.o
 .debug_aranges
                0x00000028       0x28 ./Src/context_switch.o
 .debug_aranges
                0x00000050       0x48 ./Src/main.o
 .debug_aranges
                0x00000098       0x68 ./Src/rtos.o
 .debug_aranges
                0x00000100       0x20 ./Src/scheduler.o
 .debug_aranges
                0x00000120       0x50 ./Src/semaphore.o
 .debug_aranges
                0x00000170       0x28 ./Startup/startup_stm32c031c6tx.o

.debug_rnglists
                0x00000000      0x118
 .debug_rnglists
                0x00000000       0x1b ./Src/clock.o
 .debug_rnglists
                0x0000001b       0x19 ./Src/context_switch.o
 .debug_rnglists
                0x00000034       0x32 ./Src/main.o
 .debug_rnglists
                0x00000066       0x4d ./Src/rtos.o
 .debug_rnglists
                0x000000b3       0x14 ./Src/scheduler.o
 .debug_rnglists
                0x000000c7       0x38 ./Src/semaphore.o
 .debug_rnglists
                0x000000ff       0x19 ./Startup/startup_stm32c031c6tx.o

.debug_macro    0x00000000     0x171a
 .debug_macro   0x00000000       0x72 ./Src/clock.o
 .debug_macro   0x00000072      0xaba ./Src/clock.o
 .debug_macro   0x00000b2c       0x22 ./Src/clock.o
 .debug_macro   0x00000b4e       0x8e ./Src/clock.o
 .debug_macro   0x00000bdc       0x51 ./Src/clock.o
 .debug_macro   0x00000c2d      0x103 ./Src/clock.o
 .debug_macro   0x00000d30       0x6a ./Src/clock.o
 .debug_macro   0x00000d9a      0x1df ./Src/clock.o
 .debug_macro   0x00000f79      0x1db ./Src/clock.o
 .debug_macro   0x00001154       0x8d ./Src/main.o
 .debug_macro   0x000011e1      0x1e1 ./Src/main.o
 .debug_macro   0x000013c2       0x1c ./Src/main.o
 .debug_macro   0x000013de       0x92 ./Src/rtos.o
 .debug_macro   0x00001470      0x190 ./Src/rtos.o
 .debug_macro   0x00001600       0x72 ./Src/scheduler.o
 .debug_macro   0x00001672       0x16 ./Src/scheduler.o
 .debug_macro   0x00001688       0x92 ./Src/semaphore.o

.debug_line     0x00000000     0x19fa
 .debug_line    0x00000000      0x46c ./Src/clock.o
 .debug_line    0x0000046c       0xa1 ./Src/context_switch.o
 .debug_line    0x0000050d      0x499 ./Src/main.o
 .debug_line    0x000009a6      0x62c ./Src/rtos.o
 .debug_line    0x00000fd2      0x45a ./Src/scheduler.o
 .debug_line    0x0000142c      0x553 ./Src/semaphore.o
 .debug_line    0x0000197f       0x7b ./Startup/startup_stm32c031c6tx.o

.debug_str      0x00000000     0x4ea6
 .debug_str     0x00000000     0x4ea6 ./Src/clock.o
                               0x4864 (size before relaxing)
 .debug_str     0x00004ea6       0x65 ./Src/context_switch.o
 .debug_str     0x00004ea6     0x4a41 ./Src/main.o
 .debug_str     0x00004ea6     0x4d0c ./Src/rtos.o
 .debug_str     0x00004ea6     0x3dfc ./Src/scheduler.o
 .debug_str     0x00004ea6     0x4cb8 ./Src/semaphore.o
 .debug_str     0x00004ea6       0x63 ./Startup/startup_stm32c031c6tx.o

.comment        0x00000000       0x43
 .comment       0x00000000       0x43 ./Src/clock.o
                                 0x44 (size before relaxing)
 .comment       0x00000043       0x44 ./Src/main.o
 .comment       0x00000043       0x44 ./Src/rtos.o
 .comment       0x00000043       0x44 ./Src/scheduler.o
 .comment       0x00000043       0x44 ./Src/semaphore.o

.debug_frame    0x00000000      0x3d0
 .debug_frame   0x00000000       0x50 ./Src/clock.o
 .debug_frame   0x00000050       0xbc ./Src/main.o
 .debug_frame   0x0000010c      0x13c ./Src/rtos.o
 .debug_frame   0x00000248       0x30 ./Src/scheduler.o
 .debug_frame   0x00000278       0xec ./Src/semaphore.o
 .debug_frame   0x00000364       0x2c /Applications/STM32CubeIDE.app/Contents/Eclipse/plugins/com.st.stm32cube.ide.mcu.externaltools.gnu-tools-for-stm32.14.3.rel1.macos64_1.0.100.202602081740/tools/bin/../lib/gcc/arm-none-eabi/14.3.1/../../../../arm-none-eabi/lib/thumb/v6-m/nofp/libc_nano.a(libc_a-init.o)
 .debug_frame   0x00000390       0x20 /Applications/STM32CubeIDE.app/Contents/Eclipse/plugins/com.st.stm32cube.ide.mcu.externaltools.gnu-tools-for-stm32.14.3.rel1.macos64_1.0.100.202602081740/tools/bin/../lib/gcc/arm-none-eabi/14.3.1/thumb/v6-m/nofp/libgcc.a(_udivsi3.o)
 .debug_frame   0x000003b0       0x20 /Applications/STM32CubeIDE.app/Contents/Eclipse/plugins/com.st.stm32cube.ide.mcu.externaltools.gnu-tools-for-stm32.14.3.rel1.macos64_1.0.100.202602081740/tools/bin/../lib/gcc/arm-none-eabi/14.3.1/thumb/v6-m/nofp/libgcc.a(_divsi3.o)

.debug_line_str
                0x00000000       0x5f
 .debug_line_str
                0x00000000       0x5f ./Src/context_switch.o
                                 0x3c (size before relaxing)
 .debug_line_str
                0x0000005f       0x47 ./Startup/startup_stm32c031c6tx.o
