Archive member included to satisfy reference by file (symbol)

/Applications/STM32CubeIDE.app/Contents/Eclipse/plugins/com.st.stm32cube.ide.mcu.externaltools.gnu-tools-for-stm32.14.3.rel1.macos64_1.0.100.202602081740/tools/bin/../lib/gcc/arm-none-eabi/14.3.1/../../../../arm-none-eabi/lib/thumb/v6-m/nofp/libc_nano.a(libc_a-exit.o)
                              /Applications/STM32CubeIDE.app/Contents/Eclipse/plugins/com.st.stm32cube.ide.mcu.externaltools.gnu-tools-for-stm32.14.3.rel1.macos64_1.0.100.202602081740/tools/bin/../lib/gcc/arm-none-eabi/14.3.1/../../../../arm-none-eabi/lib/thumb/v6-m/nofp/crt0.o (exit)
/Applications/STM32CubeIDE.app/Contents/Eclipse/plugins/com.st.stm32cube.ide.mcu.externaltools.gnu-tools-for-stm32.14.3.rel1.macos64_1.0.100.202602081740/tools/bin/../lib/gcc/arm-none-eabi/14.3.1/../../../../arm-none-eabi/lib/thumb/v6-m/nofp/libc_nano.a(libc_a-findfp.o)
                              /Applications/STM32CubeIDE.app/Contents/Eclipse/plugins/com.st.stm32cube.ide.mcu.externaltools.gnu-tools-for-stm32.14.3.rel1.macos64_1.0.100.202602081740/tools/bin/../lib/gcc/arm-none-eabi/14.3.1/../../../../arm-none-eabi/lib/thumb/v6-m/nofp/libc_nano.a(libc_a-exit.o) (__stdio_exit_handler)
/Applications/STM32CubeIDE.app/Contents/Eclipse/plugins/com.st.stm32cube.ide.mcu.externaltools.gnu-tools-for-stm32.14.3.rel1.macos64_1.0.100.202602081740/tools/bin/../lib/gcc/arm-none-eabi/14.3.1/../../../../arm-none-eabi/lib/thumb/v6-m/nofp/libc_nano.a(libc_a-fwalk.o)
                              /Applications/STM32CubeIDE.app/Contents/Eclipse/plugins/com.st.stm32cube.ide.mcu.externaltools.gnu-tools-for-stm32.14.3.rel1.macos64_1.0.100.202602081740/tools/bin/../lib/gcc/arm-none-eabi/14.3.1/../../../../arm-none-eabi/lib/thumb/v6-m/nofp/libc_nano.a(libc_a-findfp.o) (_fwalk_sglue)
/Applications/STM32CubeIDE.app/Contents/Eclipse/plugins/com.st.stm32cube.ide.mcu.externaltools.gnu-tools-for-stm32.14.3.rel1.macos64_1.0.100.202602081740/tools/bin/../lib/gcc/arm-none-eabi/14.3.1/../../../../arm-none-eabi/lib/thumb/v6-m/nofp/libc_nano.a(libc_a-memset.o)
                              /Applications/STM32CubeIDE.app/Contents/Eclipse/plugins/com.st.stm32cube.ide.mcu.externaltools.gnu-tools-for-stm32.14.3.rel1.macos64_1.0.100.202602081740/tools/bin/../lib/gcc/arm-none-eabi/14.3.1/../../../../arm-none-eabi/lib/thumb/v6-m/nofp/crt0.o (memset)
/Applications/STM32CubeIDE.app/Contents/Eclipse/plugins/com.st.stm32cube.ide.mcu.externaltools.gnu-tools-for-stm32.14.3.rel1.macos64_1.0.100.202602081740/tools/bin/../lib/gcc/arm-none-eabi/14.3.1/../../../../arm-none-eabi/lib/thumb/v6-m/nofp/libc_nano.a(libc_a-errno.o)
                              ./Src/syscalls.o (__errno)
/Applications/STM32CubeIDE.app/Contents/Eclipse/plugins/com.st.stm32cube.ide.mcu.externaltools.gnu-tools-for-stm32.14.3.rel1.macos64_1.0.100.202602081740/tools/bin/../lib/gcc/arm-none-eabi/14.3.1/../../../../arm-none-eabi/lib/thumb/v6-m/nofp/libc_nano.a(libc_a-init.o)
                              /Applications/STM32CubeIDE.app/Contents/Eclipse/plugins/com.st.stm32cube.ide.mcu.externaltools.gnu-tools-for-stm32.14.3.rel1.macos64_1.0.100.202602081740/tools/bin/../lib/gcc/arm-none-eabi/14.3.1/../../../../arm-none-eabi/lib/thumb/v6-m/nofp/crt0.o (__libc_init_array)
/Applications/STM32CubeIDE.app/Contents/Eclipse/plugins/com.st.stm32cube.ide.mcu.externaltools.gnu-tools-for-stm32.14.3.rel1.macos64_1.0.100.202602081740/tools/bin/../lib/gcc/arm-none-eabi/14.3.1/../../../../arm-none-eabi/lib/thumb/v6-m/nofp/libc_nano.a(libc_a-lock.o)
                              /Applications/STM32CubeIDE.app/Contents/Eclipse/plugins/com.st.stm32cube.ide.mcu.externaltools.gnu-tools-for-stm32.14.3.rel1.macos64_1.0.100.202602081740/tools/bin/../lib/gcc/arm-none-eabi/14.3.1/../../../../arm-none-eabi/lib/thumb/v6-m/nofp/libc_nano.a(libc_a-findfp.o) (__retarget_lock_init_recursive)
/Applications/STM32CubeIDE.app/Contents/Eclipse/plugins/com.st.stm32cube.ide.mcu.externaltools.gnu-tools-for-stm32.14.3.rel1.macos64_1.0.100.202602081740/tools/bin/../lib/gcc/arm-none-eabi/14.3.1/../../../../arm-none-eabi/lib/thumb/v6-m/nofp/libc_nano.a(libc_a-impure.o)
                              /Applications/STM32CubeIDE.app/Contents/Eclipse/plugins/com.st.stm32cube.ide.mcu.externaltools.gnu-tools-for-stm32.14.3.rel1.macos64_1.0.100.202602081740/tools/bin/../lib/gcc/arm-none-eabi/14.3.1/../../../../arm-none-eabi/lib/thumb/v6-m/nofp/libc_nano.a(libc_a-errno.o) (_impure_ptr)
/Applications/STM32CubeIDE.app/Contents/Eclipse/plugins/com.st.stm32cube.ide.mcu.externaltools.gnu-tools-for-stm32.14.3.rel1.macos64_1.0.100.202602081740/tools/bin/../lib/gcc/arm-none-eabi/14.3.1/../../../../arm-none-eabi/lib/thumb/v6-m/nofp/libc_nano.a(libc_a-mallocr.o)
[...]
Memory Configuration

Name             Origin             Length             Attributes
RAM              0x20000000         0x00003000         xrw
FLASH            0x08000000         0x00008000         xr
*default*        0x00000000         0xffffffff

Linker script and memory map

LOAD /Applications/STM32CubeIDE.app/Contents/Eclipse/plugins/com.st.stm32cube.ide.mcu.externaltools.gnu-tools-for-stm32.14.3.rel1.macos64_1.0.100.202602081740/tools/bin/../lib/gcc/arm-none-eabi/14.3.1/thumb/v6-m/nofp/crti.o
LOAD /Applications/STM32CubeIDE.app/Contents/Eclipse/plugins/com.st.stm32cube.ide.mcu.externaltools.gnu-tools-for-stm32.14.3.rel1.macos64_1.0.100.202602081740/tools/bin/../lib/gcc/arm-none-eabi/14.3.1/thumb/v6-m/nofp/crtbegin.o
LOAD /Applications/STM32CubeIDE.app/Contents/Eclipse/plugins/com.st.stm32cube.ide.mcu.externaltools.gnu-tools-for-stm32.14.3.rel1.macos64_1.0.100.202602081740/tools/bin/../lib/gcc/arm-none-eabi/14.3.1/../../../../arm-none-eabi/lib/thumb/v6-m/nofp/crt0.o
LOAD ./Src/clock.o
LOAD ./Src/context_switch.o
LOAD ./Src/main.o
LOAD ./Src/rtos.o
LOAD ./Src/scheduler.o
LOAD ./Src/syscalls.o
LOAD ./Src/sysmem.o
LOAD ./Startup/startup_stm32c031c6tx.o
START GROUP
LOAD /Applications/STM32CubeIDE.app/Contents/Eclipse/plugins/com.st.stm32cube.ide.mcu.externaltools.gnu-tools-for-stm32.14.3.rel1.macos64_1.0.100.202602081740/tools/bin/../lib/gcc/arm-none-eabi/14.3.1/../../../../arm-none-eabi/lib/thumb/v6-m/nofp/libc_nano.a
LOAD /Applications/STM32CubeIDE.app/Contents/Eclipse/plugins/com.st.stm32cube.ide.mcu.externaltools.gnu-tools-for-stm32.14.3.rel1.macos64_1.0.100.202602081740/tools/bin/../lib/gcc/arm-none-eabi/14.3.1/../../../../arm-none-eabi/lib/thumb/v6-m/nofp/libm.a
END GROUP
START GROUP
LOAD /Applications/STM32CubeIDE.app/Contents/Eclipse/plugins/com.st.stm32cube.ide.mcu.externaltools.gnu-tools-for-stm32.14.3.rel1.macos64_1.0.100.202602081740/tools/bin/../lib/gcc/arm-none-eabi/14.3.1/thumb/v6-m/nofp/libgcc.a
LOAD /Applications/STM32CubeIDE.app/Contents/Eclipse/plugins/com.st.stm32cube.ide.mcu.externaltools.gnu-tools-for-stm32.14.3.rel1.macos64_1.0.100.202602081740/tools/bin/../lib/gcc/arm-none-eabi/14.3.1/../../../../arm-none-eabi/lib/thumb/v6-m/nofp/libc_nano.a
END GROUP
START GROUP
LOAD /Applications/STM32CubeIDE.app/Contents/Eclipse/plugins/com.st.stm32cube.ide.mcu.externaltools.gnu-tools-for-stm32.14.3.rel1.macos64_1.0.100.202602081740/tools/bin/../lib/gcc/arm-none-eabi/14.3.1/thumb/v6-m/nofp/libgcc.a
LOAD /Applications/STM32CubeIDE.app/Contents/Eclipse/plugins/com.st.stm32cube.ide.mcu.externaltools.gnu-tools-for-stm32.14.3.rel1.macos64_1.0.100.202602081740/tools/bin/../lib/gcc/arm-none-eabi/14.3.1/../../../../arm-none-eabi/lib/thumb/v6-m/nofp/libc_nano.a
LOAD /Applications/STM32CubeIDE.app/Contents/Eclipse/plugins/com.st.stm32cube.ide.mcu.externaltools.gnu-tools-for-stm32.14.3.rel1.macos64_1.0.100.202602081740/tools/bin/../lib/gcc/arm-none-eabi/14.3.1/../../../../arm-none-eabi/lib/thumb/v6-m/nofp/libnosys.a
END GROUP
START GROUP
LOAD /Applications/STM32CubeIDE.app/Contents/Eclipse/plugins/com.st.stm32cube.ide.mcu.externaltools.gnu-tools-for-stm32.14.3.rel1.macos64_1.0.100.202602081740/tools/bin/../lib/gcc/arm-none-eabi/14.3.1/thumb/v6-m/nofp/libgcc.a
LOAD /Applications/STM32CubeIDE.app/Contents/Eclipse/plugins/com.st.stm32cube.ide.mcu.externaltools.gnu-tools-for-stm32.14.3.rel1.macos64_1.0.100.202602081740/tools/bin/../lib/gcc/arm-none-eabi/14.3.1/../../../../arm-none-eabi/lib/thumb/v6-m/nofp/libc_nano.a
LOAD /Applications/STM32CubeIDE.app/Contents/Eclipse/plugins/com.st.stm32cube.ide.mcu.externaltools.gnu-tools-for-stm32.14.3.rel1.macos64_1.0.100.202602081740/tools/bin/../lib/gcc/arm-none-eabi/14.3.1/../../../../arm-none-eabi/lib/thumb/v6-m/nofp/libnosys.a
END GROUP
LOAD /Applications/STM32CubeIDE.app/Contents/Eclipse/plugins/com.st.stm32cube.ide.mcu.externaltools.gnu-tools-for-stm32.14.3.rel1.macos64_1.0.100.202602081740/tools/bin/../lib/gcc/arm-none-eabi/14.3.1/thumb/v6-m/nofp/crtend.o
LOAD /Applications/STM32CubeIDE.app/Contents/Eclipse/plugins/com.st.stm32cube.ide.mcu.externaltools.gnu-tools-for-stm32.14.3.rel1.macos64_1.0.100.202602081740/tools/bin/../lib/gcc/arm-none-eabi/14.3.1/thumb/v6-m/nofp/crtn.o
                0x20003000                        _estack = (ORIGIN (RAM) + LENGTH (RAM))
                0x00000200                        _Min_Heap_Size = 0x200
                0x00000400                        _Min_Stack_Size = 0x400

.isr_vector     0x08000000       0xb4
                0x08000000                        . = ALIGN (0x4)
 *(.isr_vector)
 .isr_vector    0x08000000       0xb4 ./Startup/startup_stm32c031c6tx.o
                0x08000000                g_pfnVectors
                0x080000b4                        . = ALIGN (0x4)

.text           0x080000b4      0x97c
                0x080000b4                        . = ALIGN (0x4)
 *(.text)
 .text          0x080000b4       0x48 /Applications/STM32CubeIDE.app/Contents/Eclipse/plugins/com.st.stm32cube.ide.mcu.externaltools.gnu-tools-for-stm32.14.3.rel1.macos64_1.0.100.202602081740/tools/bin/../lib/gcc/arm-none-eabi/14.3.1/thumb/v6-m/nofp/crtbegin.o
 .text          0x080000fc      0x114 /Applications/STM32CubeIDE.app/Contents/Eclipse/plugins/com.st.stm32cube.ide.mcu.externaltools.gnu-tools-for-stm32.14.3.rel1.macos64_1.0.100.202602081740/tools/bin/../lib/gcc/arm-none-eabi/14.3.1/thumb/v6-m/nofp/libgcc.a(_udivsi3.o)
                0x080000fc                __udivsi3
                0x080000fc                __aeabi_uidiv
                0x08000208                __aeabi_uidivmod
 .text          0x08000210      0x1d4 /Applications/STM32CubeIDE.app/Contents/Eclipse/plugins/com.st.stm32cube.ide.mcu.externaltools.gnu-tools-for-stm32.14.3.rel1.macos64_1.0.100.202602081740/tools/bin/../lib/gcc/arm-none-eabi/14.3.1/thumb/v6-m/nofp/libgcc.a(_divsi3.o)
                0x08000210                __aeabi_idiv
                0x08000210                __divsi3
                0x080003dc                __aeabi_idivmod
 .text          0x080003e4        0x4 /Applications/STM32CubeIDE.app/Contents/Eclipse/plugins/com.st.stm32cube.ide.mcu.externaltools.gnu-tools-for-stm32.14.3.rel1.macos64_1.0.100.202602081740/tools/bin/../lib/gcc/arm-none-eabi/14.3.1/thumb/v6-m/nofp/libgcc.a(_dvmd_tls.o)
                0x080003e4                __aeabi_ldiv0
                0x080003e4                __aeabi_idiv0
 *(.text*)
 .text.SystemClock_Config
                0x080003e8       0x8c ./Src/clock.o
                0x080003e8                SystemClock_Config
 .text.GPIO_Init
                0x08000474       0x84 ./Src/clock.o
                0x08000474                GPIO_Init
 .text.PendSV_Handler
                0x080004f8       0x5c ./Src/context_switch.o
                0x080004f8                PendSV_Handler
 .text._rtos_start
                0x08000554       0x2c ./Src/context_switch.o
                0x08000554                _rtos_start
 .text.SysTick_Init
                0x08000580       0x44 ./Src/main.o
 .text.task_led
                0x080005c4       0x2e ./Src/main.o
 *fill*         0x080005f2        0x2 
 .text.task_counter
                0x080005f4       0x1c ./Src/main.o
 .text.main     0x08000610       0x58 ./Src/main.o
                0x08000610                main
 .text.trigger_pendsv
                0x08000668       0x20 ./Src/rtos.o
 .text.SysTick_Handler
                0x08000688       0x28 ./Src/rtos.o
                0x08000688                SysTick_Handler
 .text.osStart  0x080006b0       0x48 ./Src/rtos.o
                0x080006b0                osStart
 .text.os_task_exit
                0x080006f8        0xa ./Src/rtos.o
 *fill*         0x08000702        0x2 
 .text.os_task_stack_init
                0x08000704       0xec ./Src/rtos.o
 .text.osTaskCreate
                0x080007f0       0xa4 ./Src/rtos.o
                0x080007f0                osTaskCreate
 .text.osDelay  0x08000894       0x2c ./Src/rtos.o
                0x08000894                osDelay
 .text.os_schedule
                0x080008c0       0xbc ./Src/scheduler.o
                0x080008c0                os_schedule
 .text.Reset_Handler
                0x0800097c       0x50 ./Startup/startup_stm32c031c6tx.o
                0x0800097c                Reset_Handler
 .text.Default_Handler
                0x080009cc        0x2 ./Startup/startup_stm32c031c6tx.o
                0x080009cc                TIM1_BRK_UP_TRG_COM_IRQHandler
                0x080009cc                HardFault_Handler
                0x080009cc                NMI_Handler
                0x080009cc                EXTI2_3_IRQHandler
                0x080009cc                TIM17_IRQHandler
                0x080009cc                RTC_IRQHandler
                0x080009cc                SPI_IRQHandler
                0x080009cc                DMAMUX_DMA1_Channel4_5_IRQHandler
                0x080009cc                TIM16_IRQHandler
                0x080009cc                TIM3_IRQHandler
                0x080009cc                EXTI4_15_IRQHandler
                0x080009cc                RCC_IRQHandler
                0x080009cc                DMA1_Channel1_IRQHandler
                0x080009cc                Default_Handler
                0x080009cc                TIM14_IRQHandler
                0x080009cc                ADC_IRQHandler
                0x080009cc                EXTI0_1_IRQHandler
                0x080009cc                I2C_IRQHandler
                0x080009cc                SVC_Handler
                0x080009cc                PVM_IRQHandler
                0x080009cc                WWDG_IRQHandler
                0x080009cc                DMA1_Channel2_3_IRQHandler
                0x080009cc                USART2_IRQHandler
                0x080009cc                FLASH_IRQHandler
                0x080009cc                USART1_IRQHandler
                0x080009cc                TIM1_CC_IRQHandler
 *fill*         0x080009ce        0x2 
 .text.__libc_init_array
                0x080009d0       0x48 /Applications/STM32CubeIDE.app/Contents/Eclipse/plugins/com.st.stm32cube.ide.mcu.externaltools.gnu-tools-for-stm32.14.3.rel1.macos64_1.0.100.202602081740/tools/bin/../lib/gcc/arm-none-eabi/14.3.1/../../../../arm-none-eabi/lib/thumb/v6-m/nofp/libc_nano.a(libc_a-init.o)
                0x080009d0                __libc_init_array
 *(.glue_7)
 .glue_7        0x08000a18        0x0 linker stubs
 *(.glue_7t)
 .glue_7t       0x08000a18        0x0 linker stubs
 *(.eh_frame)
 .eh_frame      0x08000a18        0x0 /Applications/STM32CubeIDE.app/Contents/Eclipse/plugins/com.st.stm32cube.ide.mcu.externaltools.gnu-tools-for-stm32.14.3.rel1.macos64_1.0.100.202602081740/tools/bin/../lib/gcc/arm-none-eabi/14.3.1/thumb/v6-m/nofp/crtbegin.o
 *(.init)
 .init          0x08000a18        0x4 /Applications/STM32CubeIDE.app/Contents/Eclipse/plugins/com.st.stm32cube.ide.mcu.externaltools.gnu-tools-for-stm32.14.3.rel1.macos64_1.0.100.202602081740/tools/bin/../lib/gcc/arm-none-eabi/14.3.1/thumb/v6-m/nofp/crti.o
                0x08000a18                _init
 .init          0x08000a1c        0x8 /Applications/STM32CubeIDE.app/Contents/Eclipse/plugins/com.st.stm32cube.ide.mcu.externaltools.gnu-tools-for-stm32.14.3.rel1.macos64_1.0.100.202602081740/tools/bin/../lib/gcc/arm-none-eabi/14.3.1/thumb/v6-m/nofp/crtn.o
 *(.fini)
 .fini          0x08000a24        0x4 /Applications/STM32CubeIDE.app/Contents/Eclipse/plugins/com.st.stm32cube.ide.mcu.externaltools.gnu-tools-for-stm32.14.3.rel1.macos64_1.0.100.202602081740/tools/bin/../lib/gcc/arm-none-eabi/14.3.1/thumb/v6-m/nofp/crti.o
                0x08000a24                _fini
 .fini          0x08000a28        0x8 /Applications/STM32CubeIDE.app/Contents/Eclipse/plugins/com.st.stm32cube.ide.mcu.externaltools.gnu-tools-for-stm32.14.3.rel1.macos64_1.0.100.202602081740/tools/bin/../lib/gcc/arm-none-eabi/14.3.1/thumb/v6-m/nofp/crtn.o
                0x08000a30                        . = ALIGN (0x4)
                0x08000a30                        _etext = .

.vfp11_veneer   0x08000a30        0x0
 .vfp11_veneer  0x08000a30        0x0 linker stubs

.v4_bx          0x08000a30        0x0
 .v4_bx         0x08000a30        0x0 linker stubs

.iplt           0x08000a30        0x0
 .iplt          0x08000a30        0x0 /Applications/STM32CubeIDE.app/Contents/Eclipse/plugins/com.st.stm32cube.ide.mcu.externaltools.gnu-tools-for-stm32.14.3.rel1.macos64_1.0.100.202602081740/tools/bin/../lib/gcc/arm-none-eabi/14.3.1/thumb/v6-m/nofp/crtbegin.o

.rodata         0x08000a30        0xc
                0x08000a30                        . = ALIGN (0x4)
 *(.rodata)
 .rodata        0x08000a30        0xc ./Src/main.o
 *(.rodata*)
                0x08000a3c                        . = ALIGN (0x4)

.ARM.extab      0x08000a3c        0x0
                0x08000a3c                        . = ALIGN (0x4)
 *(.ARM.extab* .gnu.linkonce.armextab.*)
                0x08000a3c                        . = ALIGN (0x4)

.ARM            0x08000a3c        0x0
                0x08000a3c                        . = ALIGN (0x4)
                0x08000a3c                        __exidx_start = .
 *(.ARM.exidx*)
                0x08000a3c                        __exidx_end = .
                0x08000a3c                        . = ALIGN (0x4)

.preinit_array  0x08000a3c        0x0
                0x08000a3c                        . = ALIGN (0x4)
                0x08000a3c                        PROVIDE (__preinit_array_start = .)
 *(.preinit_array*)
                0x08000a3c                        PROVIDE (__preinit_array_end = .)
                0x08000a3c                        . = ALIGN (0x4)

.init_array     0x08000a3c        0x4
                0x08000a3c                        . = ALIGN (0x4)
                0x08000a3c                        PROVIDE (__init_array_start = .)
 *(SORT_BY_NAME(.init_array.*))
 *(.init_array*)
 .init_array    0x08000a3c        0x4 /Applications/STM32CubeIDE.app/Contents/Eclipse/plugins/com.st.stm32cube.ide.mcu.externaltools.gnu-tools-for-stm32.14.3.rel1.macos64_1.0.100.202602081740/tools/bin/../lib/gcc/arm-none-eabi/14.3.1/thumb/v6-m/nofp/crtbegin.o
                0x08000a40                        PROVIDE (__init_array_end = .)
                0x08000a40                        . = ALIGN (0x4)

.fini_array     0x08000a40        0x4
                0x08000a40                        . = ALIGN (0x4)
                [!provide]                        PROVIDE (__fini_array_start = .)
 *(SORT_BY_NAME(.fini_array.*))
 *(.fini_array*)
 .fini_array    0x08000a40        0x4 /Applications/STM32CubeIDE.app/Contents/Eclipse/plugins/com.st.stm32cube.ide.mcu.externaltools.gnu-tools-for-stm32.14.3.rel1.macos64_1.0.100.202602081740/tools/bin/../lib/gcc/arm-none-eabi/14.3.1/thumb/v6-m/nofp/crtbegin.o
                [!provide]                        PROVIDE (__fini_array_end = .)
                0x08000a44                        . = ALIGN (0x4)
                0x08000a44                        _sidata = LOADADDR (.data)

.rel.dyn        0x08000a44        0x0
 .rel.iplt      0x08000a44        0x0 /Applications/STM32CubeIDE.app/Contents/Eclipse/plugins/com.st.stm32cube.ide.mcu.externaltools.gnu-tools-for-stm32.14.3.rel1.macos64_1.0.100.202602081740/tools/bin/../lib/gcc/arm-none-eabi/14.3.1/thumb/v6-m/nofp/crtbegin.o

.data           0x20000000        0x4 load address 0x08000a44
                0x20000000                        . = ALIGN (0x4)
                0x20000000                        _sdata = .
 *(.data)
 *(.data*)
 .data.SystemCoreClock
                0x20000000        0x4 ./Src/clock.o
                0x20000000                SystemCoreClock
 *(.RamFunc)
 *(.RamFunc*)
                0x20000004                        . = ALIGN (0x4)
                0x20000004                        _edata = .

.igot.plt       0x20000004        0x0 load address 0x08000a48
 .igot.plt      0x20000004        0x0 /Applications/STM32CubeIDE.app/Contents/Eclipse/plugins/com.st.stm32cube.ide.mcu.externaltools.gnu-tools-for-stm32.14.3.rel1.macos64_1.0.100.202602081740/tools/bin/../lib/gcc/arm-none-eabi/14.3.1/thumb/v6-m/nofp/crtbegin.o
                0x20000004                        . = ALIGN (0x4)

.bss            0x20000008      0x334 load address 0x08000a48
                0x20000008                        _sbss = .
                0x20000008                        __bss_start__ = _sbss
 *(.bss)
 .bss           0x20000008       0x1c /Applications/STM32CubeIDE.app/Contents/Eclipse/plugins/com.st.stm32cube.ide.mcu.externaltools.gnu-tools-for-stm32.14.3.rel1.macos64_1.0.100.202602081740/tools/bin/../lib/gcc/arm-none-eabi/14.3.1/thumb/v6-m/nofp/crtbegin.o
 *(.bss*)
 .bss.task_led_stack
                0x20000024      0x100 ./Src/main.o
 .bss.task_count_stack
                0x20000124      0x100 ./Src/main.o
 .bss.task2_counter
                0x20000224        0x4 ./Src/main.o
                0x20000224                task2_counter
 .bss.task_pool
                0x20000228       0xe0 ./Src/rtos.o
                0x20000228                task_pool
 .bss.current_task
                0x20000308        0x4 ./Src/rtos.o
                0x20000308                current_task
 .bss.task_count
                0x2000030c        0x1 ./Src/rtos.o
                0x2000030c                task_count
 *fill*         0x2000030d        0x3 
 .bss.sys_tick  0x20000310        0x4 ./Src/rtos.o
                0x20000310                sys_tick
 .bss.rtos_started
                0x20000314        0x1 ./Src/rtos.o
                0x20000314                rtos_started
 *fill*         0x20000315        0x3 
 .bss.os_dummy_stack
                0x20000318       0x20 ./Src/rtos.o
                0x20000318                os_dummy_stack
 .bss.current_task_index
                0x20000338        0x1 ./Src/scheduler.o
                0x20000338                current_task_index
 *(COMMON)
                0x2000033c                        . = ALIGN (0x4)
 *fill*         0x20000339        0x3 
                0x2000033c                        _ebss = .
                0x2000033c                        __bss_end__ = _ebss

._user_heap_stack
                0x2000033c      0x604 load address 0x08000a48
                0x20000340                        . = ALIGN (0x8)
 *fill*         0x2000033c        0x4 
                [!provide]                        PROVIDE (end = .)
                0x20000340                        PROVIDE (_end = .)
                0x20000540                        . = (. + _Min_Heap_Size)
 *fill*         0x20000340      0x200 
                0x20000940                        . = (. + _Min_Stack_Size)
 *fill*         0x20000540      0x400 
                0x20000940                        . = ALIGN (0x8)

/DISCARD/
 libc.a(*)
 libm.a(*)
 libgcc.a(*)

.ARM.attributes
                0x00000000       0x28
 *(.ARM.attributes)
 .ARM.attributes
                0x00000000       0x1e /Applications/STM32CubeIDE.app/Contents/Eclipse/plugins/com.st.stm32cube.ide.mcu.externaltools.gnu-tools-for-stm32.14.3.rel1.macos64_1.0.100.202602081740/tools/bin/../lib/gcc/arm-none-eabi/14.3.1/thumb/v6-m/nofp/crti.o
 .ARM.attributes
                0x0000001e       0x2c /Applications/STM32CubeIDE.app/Contents/Eclipse/plugins/com.st.stm32cube.ide.mcu.externaltools.gnu-tools-for-stm32.14.3.rel1.macos64_1.0.100.202602081740/tools/bin/../lib/gcc/arm-none-eabi/14.3.1/thumb/v6-m/nofp/crtbegin.o
 .ARM.attributes
                0x0000004a       0x2c ./Src/clock.o
 .ARM.attributes
                0x00000076       0x22 ./Src/context_switch.o
 .ARM.attributes
                0x00000098       0x2c ./Src/main.o
 .ARM.attributes
                0x000000c4       0x2c ./Src/rtos.o
 .ARM.attributes
                0x000000f0       0x2c ./Src/scheduler.o
 .ARM.attributes
                0x0000011c       0x22 ./Startup/startup_stm32c031c6tx.o
 .ARM.attributes
                0x0000013e       0x2c /Applications/STM32CubeIDE.app/Contents/Eclipse/plugins/com.st.stm32cube.ide.mcu.externaltools.gnu-tools-for-stm32.14.3.rel1.macos64_1.0.100.202602081740/tools/bin/../lib/gcc/arm-none-eabi/14.3.1/../../../../arm-none-eabi/lib/thumb/v6-m/nofp/libc_nano.a(libc_a-init.o)
 .ARM.attributes
                0x0000016a       0x1e /Applications/STM32CubeIDE.app/Contents/Eclipse/plugins/com.st.stm32cube.ide.mcu.externaltools.gnu-tools-for-stm32.14.3.rel1.macos64_1.0.100.202602081740/tools/bin/../lib/gcc/arm-none-eabi/14.3.1/thumb/v6-m/nofp/libgcc.a(_udivsi3.o)
 .ARM.attributes
                0x00000188       0x1e /Applications/STM32CubeIDE.app/Contents/Eclipse/plugins/com.st.stm32cube.ide.mcu.externaltools.gnu-tools-for-stm32.14.3.rel1.macos64_1.0.100.202602081740/tools/bin/../lib/gcc/arm-none-eabi/14.3.1/thumb/v6-m/nofp/libgcc.a(_divsi3.o)
 .ARM.attributes
                0x000001a6       0x1e /Applications/STM32CubeIDE.app/Contents/Eclipse/plugins/com.st.stm32cube.ide.mcu.externaltools.gnu-tools-for-stm32.14.3.rel1.macos64_1.0.100.202602081740/tools/bin/../lib/gcc/arm-none-eabi/14.3.1/thumb/v6-m/nofp/libgcc.a(_dvmd_tls.o)
 .ARM.attributes
                0x000001c4       0x1e /Applications/STM32CubeIDE.app/Contents/Eclipse/plugins/com.st.stm32cube.ide.mcu.externaltools.gnu-tools-for-stm32.14.3.rel1.macos64_1.0.100.202602081740/tools/bin/../lib/gcc/arm-none-eabi/14.3.1/thumb/v6-m/nofp/crtn.o
OUTPUT(RTOS.elf elf32-littlearm)
LOAD linker stubs
LOAD /Applications/STM32CubeIDE.app/Contents/Eclipse/plugins/com.st.stm32cube.ide.mcu.externaltools.gnu-tools-for-stm32.14.3.rel1.macos64_1.0.100.202602081740/tools/bin/../lib/gcc/arm-none-eabi/14.3.1/../../../../arm-none-eabi/lib/thumb/v6-m/nofp/libc.a
LOAD /Applications/STM32CubeIDE.app/Contents/Eclipse/plugins/com.st.stm32cube.ide.mcu.externaltools.gnu-tools-for-stm32.14.3.rel1.macos64_1.0.100.202602081740/tools/bin/../lib/gcc/arm-none-eabi/14.3.1/../../../../arm-none-eabi/lib/thumb/v6-m/nofp/libm.a
LOAD /Applications/STM32CubeIDE.app/Contents/Eclipse/plugins/com.st.stm32cube.ide.mcu.externaltools.gnu-tools-for-stm32.14.3.rel1.macos64_1.0.100.202602081740/tools/bin/../lib/gcc/arm-none-eabi/14.3.1/thumb/v6-m/nofp/libgcc.a

.debug_info     0x00000000      0xcaf
 .debug_info    0x00000000      0x322 ./Src/clock.o
 .debug_info    0x00000322       0x3b ./Src/context_switch.o
 .debug_info    0x0000035d      0x2ee ./Src/main.o
 .debug_info    0x0000064b      0x43b ./Src/rtos.o
 .debug_info    0x00000a86      0x1f9 ./Src/scheduler.o
 .debug_info    0x00000c7f       0x30 ./Startup/startup_stm32c031c6tx.o

.debug_abbrev   0x00000000      0x5a3
 .debug_abbrev  0x00000000      0x105 ./Src/clock.o
 .debug_abbrev  0x00000105       0x26 ./Src/context_switch.o
 .debug_abbrev  0x0000012b      0x142 ./Src/main.o
 .debug_abbrev  0x0000026d      0x20b ./Src/rtos.o
 .debug_abbrev  0x00000478      0x107 ./Src/scheduler.o
 .debug_abbrev  0x0000057f       0x24 ./Startup/startup_stm32c031c6tx.o

.debug_aranges  0x00000000      0x128
 .debug_aranges
                0x00000000       0x28 ./Src/clock.o
 .debug_aranges
                0x00000028       0x28 ./Src/context_switch.o
 .debug_aranges
                0x00000050       0x38 ./Src/main.o
 .debug_aranges
                0x00000088       0x58 ./Src/rtos.o
 .debug_aranges
                0x000000e0       0x20 ./Src/scheduler.o
 .debug_aranges
                0x00000100       0x28 ./Startup/startup_stm32c031c6tx.o

.debug_rnglists
                0x00000000       0xc5
 .debug_rnglists
                0x00000000       0x1b ./Src/clock.o
 .debug_rnglists
                0x0000001b       0x19 ./Src/context_switch.o
 .debug_rnglists
                0x00000034       0x25 ./Src/main.o
 .debug_rnglists
                0x00000059       0x3f ./Src/rtos.o
 .debug_rnglists
                0x00000098       0x14 ./Src/scheduler.o
 .debug_rnglists
                0x000000ac       0x19 ./Startup/startup_stm32c031c6tx.o

.debug_macro    0x00000000     0x166a
 .debug_macro   0x00000000       0x72 ./Src/clock.o
 .debug_macro   0x00000072      0xaba ./Src/clock.o
 .debug_macro   0x00000b2c       0x22 ./Src/clock.o
 .debug_macro   0x00000b4e       0x8e ./Src/clock.o
 .debug_macro   0x00000bdc       0x51 ./Src/clock.o
 .debug_macro   0x00000c2d      0x103 ./Src/clock.o
 .debug_macro   0x00000d30       0x6a ./Src/clock.o
 .debug_macro   0x00000d9a      0x1df ./Src/clock.o
 .debug_macro   0x00000f79      0x1db ./Src/clock.o
 .debug_macro   0x00001154       0x7f ./Src/main.o
 .debug_macro   0x000011d3      0x1e1 ./Src/main.o
 .debug_macro   0x000013b4       0x16 ./Src/main.o
 .debug_macro   0x000013ca       0x8e ./Src/rtos.o
 .debug_macro   0x00001458      0x190 ./Src/rtos.o
 .debug_macro   0x000015e8       0x72 ./Src/scheduler.o
 .debug_macro   0x0000165a       0x10 ./Src/scheduler.o

.debug_line     0x00000000     0x1302
 .debug_line    0x00000000      0x46c ./Src/clock.o
 .debug_line    0x0000046c       0xa1 ./Src/context_switch.o
 .debug_line    0x0000050d      0x447 ./Src/main.o
 .debug_line    0x00000954      0x526 ./Src/rtos.o
 .debug_line    0x00000e7a      0x40d ./Src/scheduler.o
 .debug_line    0x00001287       0x7b ./Startup/startup_stm32c031c6tx.o

.debug_str      0x00000000     0x4cc6
 .debug_str     0x00000000     0x4cc6 ./Src/clock.o
                               0x4864 (size before relaxing)
 .debug_str     0x00004cc6       0x65 ./Src/context_switch.o
 .debug_str     0x00004cc6     0x48a6 ./Src/main.o
 .debug_str     0x00004cc6     0x4c71 ./Src/rtos.o
 .debug_str     0x00004cc6     0x3db6 ./Src/scheduler.o
 .debug_str     0x00004cc6       0x63 ./Startup/startup_stm32c031c6tx.o

.comment        0x00000000       0x43
 .comment       0x00000000       0x43 ./Src/clock.o
                                 0x44 (size before relaxing)
 .comment       0x00000043       0x44 ./Src/main.o
 .comment       0x00000043       0x44 ./Src/rtos.o
 .comment       0x00000043       0x44 ./Src/scheduler.o

.debug_frame    0x00000000      0x26c
 .debug_frame   0x00000000       0x50 ./Src/clock.o
 .debug_frame   0x00000050       0x84 ./Src/main.o
 .debug_frame   0x000000d4       0xfc ./Src/rtos.o
 .debug_frame   0x000001d0       0x30 ./Src/scheduler.o
 .debug_frame   0x00000200       0x2c /Applications/STM32CubeIDE.app/Contents/Eclipse/plugins/com.st.stm32cube.ide.mcu.externaltools.gnu-tools-for-stm32.14.3.rel1.macos64_1.0.100.202602081740/tools/bin/../lib/gcc/arm-none-eabi/14.3.1/../../../../arm-none-eabi/lib/thumb/v6-m/nofp/libc_nano.a(libc_a-init.o)
 .debug_frame   0x0000022c       0x20 /Applications/STM32CubeIDE.app/Contents/Eclipse/plugins/com.st.stm32cube.ide.mcu.externaltools.gnu-tools-for-stm32.14.3.rel1.macos64_1.0.100.202602081740/tools/bin/../lib/gcc/arm-none-eabi/14.3.1/thumb/v6-m/nofp/libgcc.a(_udivsi3.o)
 .debug_frame   0x0000024c       0x20 /Applications/STM32CubeIDE.app/Contents/Eclipse/plugins/com.st.stm32cube.ide.mcu.externaltools.gnu-tools-for-stm32.14.3.rel1.macos64_1.0.100.202602081740/tools/bin/../lib/gcc/arm-none-eabi/14.3.1/thumb/v6-m/nofp/libgcc.a(_divsi3.o)

.debug_line_str
                0x00000000       0x5f
 .debug_line_str
                0x00000000       0x5f ./Src/context_switch.o
                                 0x3c (size before relaxing)
 .debug_line_str
                0x0000005f       0x47 ./Startup/startup_stm32c031c6tx.o
